apiVersion: certmanager.k8s.io/v1alpha1
kind: Certificate
metadata:
  name: actv-notification-certificate
  namespace: namespace
spec:
  acme:
    config:
    - dns01:
        provider: route53
      domains:
      - actv-notification-service.@k8s.namespace@.@k8s.cluster@.k8s.tubemogul.info
  commonName: actv-notification-service.@k8s.namespace@.@k8s.cluster@.k8s.tubemogul.info
  dnsNames:
  - actv-notification-service.@k8s.namespace@.@k8s.cluster@.k8s.tubemogul.info
  issuerRef:
    kind: ClusterIssuer
    name: letsencrypt-staging
  secretName: actv-notification-tls
