apiVersion: flink.k8s.io/v1beta1
kind: FlinkApplication
metadata:
  name: wordcount-operator-example
spec:
  image: docker.io/kube/flink/image:tag
