apiVersion: apps/v1
kind: Deployment
metadata:
  name: myapp
  namespace: ci
spec:
  selector:
    matchLabels:
      app: myapp
  template:
    metadata:
      labels:
        app: myapp
    spec:
      containers:
      - image: gcr.io/repo/someimage@sha:1234567890
        name: myapp
